#-----------------------------------------------------------
# xsim v2025.2 (64-bit)
# SW Build 6299465 on Fri Nov 14 12:34:56 MST 2025
# IP Build 6300035 on Fri Nov 14 10:48:45 MST 2025
# SharedData Build 6298862 on Thu Nov 13 04:50:51 MST 2025
# Start of session at: Thu Jan 22 14:52:35 2026
# Process ID         : 2844
# Current directory  : /home/israel/IsraelDD2026/verif
# Command line       : xsim -mode tcl -source {xsim.dir/work.tb_booth_multiplier/xsim_script.tcl}
# Log file           : /home/israel/IsraelDD2026/verif/xsim.log
# Journal file       : /home/israel/IsraelDD2026/verif/xsim.jou
# Running On         : MSI
# Platform           : Ubuntu
# Operating System   : Ubuntu 24.04.3 LTS
# Processor Detail   : 13th Gen Intel(R) Core(TM) i5-13500H
# CPU Frequency      : 3187.198 MHz
# CPU Physical cores : 8
# CPU Logical cores  : 16
# Host memory        : 8170 MB
# Swap memory        : 2147 MB
# Total Virtual      : 10318 MB
# Available Virtual  : 9821 MB
#-----------------------------------------------------------
source xsim.dir/work.tb_booth_multiplier/xsim_script.tcl
run -all
